// Jest Snapshot v1, https://goo.gl/fbAQLP

exports[`containers/ExpenseList.js render 1`] = `
<div>
  <Connect(ExpenseListItemClass)
    amount={195}
    createdAt={0}
    description="Gum"
    id={1}
    key="1"
    note=""
  />
  <Connect(ExpenseListItemClass)
    amount={109500}
    createdAt={-345600000}
    description="Rent"
    id={2}
    key="2"
    note=""
  />
  <Connect(ExpenseListItemClass)
    amount={4500}
    createdAt={345600000}
    description="Credit Card"
    id={3}
    key="3"
    note=""
  />
</div>
`;

exports[`containers/ExpenseList.js render empty 1`] = `
<div>
  <p>
    No expenses
  </p>
</div>
`;
